// Jest Snapshot v1, https://goo.gl/fbAQLP

exports[`FileInputWithLoading renders without errors 1`] = `
<div
  class="mantine-1avyp1d"
>
  <div
    class="mantine-150a24d"
  >
    <div
      class="mantine-InputWrapper-root mantine-FileInput-root mantine-1ejqehl"
    >
      <div
        class="mantine-Input-wrapper mantine-FileInput-wrapper mantine-1v7s5f8"
      >
        <button
          aria-invalid="false"
          class="mantine-FileInput-input mantine-Input-input mantine-FileInput-input mantine-5xkobz"
          id="mantine-2on3cbj3g"
          type="button"
        >
          <span
            class="mantine-FileInput-placeholder mantine-1v32taa"
          />
        </button>
      </div>
      <input
        style="display: none;"
        type="file"
      />
    </div>
  </div>
</div>
`;
